verilator -CFLAGS "-I/nfs/home/xuzhi/softmax/csrc/include" --top-module top -Wno-style -Wno-DECLFILENAME --timescale "1ns/1ns" --no-timing -cc --exe --build --trace -MMD -O3 --x-assign fast --x-initial fast -j 33 ./build/top.v ./build/sram.v /nfs/home/xuzhi/softmax/csrc/monitor/monitor.c /nfs/home/xuzhi/softmax/csrc/monitor/sdb/expr.c /nfs/home/xuzhi/softmax/csrc/monitor/sdb/sdb.c /nfs/home/xuzhi/softmax/csrc/monitor/sdb/watchpoint.c /nfs/home/xuzhi/softmax/csrc/main.cpp /nfs/home/xuzhi/softmax/csrc/utils/trace.c /nfs/home/xuzhi/softmax/csrc/utils/dpi.cpp /nfs/home/xuzhi/softmax/csrc/utils/state.c /nfs/home/xuzhi/softmax/csrc/utils/timer.c /nfs/home/xuzhi/softmax/csrc/utils/log.c /nfs/home/xuzhi/softmax/csrc/utils/difftest.c /nfs/home/xuzhi/softmax/csrc/isa/reg.c /nfs/home/xuzhi/softmax/csrc/isa/init.c /nfs/home/xuzhi/softmax/csrc/isa/cpu-exec.c /nfs/home/xuzhi/softmax/csrc/memory/vaddr.c /nfs/home/xuzhi/softmax/csrc/memory/paddr.cpp \
-CFLAGS -I/nfs/home/xuzhi/softmax/csrc/include -CFLAGS -DTOP_NAME="\"Vtop\"" \
--Mdir ./build/obj_dir --exe -o ./build/Vtop \
-LDFLAGS -lLLVM-14 -LDFLAGS -lreadline -LDFLAGS -lSDL2 -LDFLAGS -lSDL2_image\

make[1]: Entering directory '/nfs/home/xuzhi/softmax/build/obj_dir'
ccache clang++  -I.  -MMD -I/usr/local/share/verilator/include -I/usr/local/share/verilator/include/vltstd -DVM_COVERAGE=0 -DVM_SC=0 -DVM_TRACE=1 -DVM_TRACE_FST=0 -DVM_TRACE_VCD=1 -faligned-new -fbracket-depth=4096 -fcf-protection=none -Qunused-arguments -Wno-bool-operation -Wno-c++11-narrowing -Wno-constant-logical-operand -Wno-non-pod-varargs -Wno-parentheses-equality -Wno-shadow -Wno-sign-compare -Wno-tautological-bitwise-compare -Wno-tautological-compare -Wno-uninitialized -Wno-unused-but-set-parameter -Wno-unused-but-set-variable -Wno-unused-parameter -Wno-unused-variable    -I/nfs/home/xuzhi/softmax/csrc/include -I/nfs/home/xuzhi/softmax/csrc/include -DTOP_NAME="Vtop"   -Os -c -o cpu-exec.o /nfs/home/xuzhi/softmax/csrc/isa/cpu-exec.c
ccache clang++  -I.  -MMD -I/usr/local/share/verilator/include -I/usr/local/share/verilator/include/vltstd -DVM_COVERAGE=0 -DVM_SC=0 -DVM_TRACE=1 -DVM_TRACE_FST=0 -DVM_TRACE_VCD=1 -faligned-new -fbracket-depth=4096 -fcf-protection=none -Qunused-arguments -Wno-bool-operation -Wno-c++11-narrowing -Wno-constant-logical-operand -Wno-non-pod-varargs -Wno-parentheses-equality -Wno-shadow -Wno-sign-compare -Wno-tautological-bitwise-compare -Wno-tautological-compare -Wno-uninitialized -Wno-unused-but-set-parameter -Wno-unused-but-set-variable -Wno-unused-parameter -Wno-unused-variable    -I/nfs/home/xuzhi/softmax/csrc/include -I/nfs/home/xuzhi/softmax/csrc/include -DTOP_NAME="Vtop"   -Os -c -o init.o /nfs/home/xuzhi/softmax/csrc/isa/init.c
ccache clang++  -I.  -MMD -I/usr/local/share/verilator/include -I/usr/local/share/verilator/include/vltstd -DVM_COVERAGE=0 -DVM_SC=0 -DVM_TRACE=1 -DVM_TRACE_FST=0 -DVM_TRACE_VCD=1 -faligned-new -fbracket-depth=4096 -fcf-protection=none -Qunused-arguments -Wno-bool-operation -Wno-c++11-narrowing -Wno-constant-logical-operand -Wno-non-pod-varargs -Wno-parentheses-equality -Wno-shadow -Wno-sign-compare -Wno-tautological-bitwise-compare -Wno-tautological-compare -Wno-uninitialized -Wno-unused-but-set-parameter -Wno-unused-but-set-variable -Wno-unused-parameter -Wno-unused-variable    -I/nfs/home/xuzhi/softmax/csrc/include -I/nfs/home/xuzhi/softmax/csrc/include -DTOP_NAME="Vtop"   -Os -c -o reg.o /nfs/home/xuzhi/softmax/csrc/isa/reg.c
ccache clang++  -I.  -MMD -I/usr/local/share/verilator/include -I/usr/local/share/verilator/include/vltstd -DVM_COVERAGE=0 -DVM_SC=0 -DVM_TRACE=1 -DVM_TRACE_FST=0 -DVM_TRACE_VCD=1 -faligned-new -fbracket-depth=4096 -fcf-protection=none -Qunused-arguments -Wno-bool-operation -Wno-c++11-narrowing -Wno-constant-logical-operand -Wno-non-pod-varargs -Wno-parentheses-equality -Wno-shadow -Wno-sign-compare -Wno-tautological-bitwise-compare -Wno-tautological-compare -Wno-uninitialized -Wno-unused-but-set-parameter -Wno-unused-but-set-variable -Wno-unused-parameter -Wno-unused-variable    -I/nfs/home/xuzhi/softmax/csrc/include -I/nfs/home/xuzhi/softmax/csrc/include -DTOP_NAME="Vtop"   -Os -c -o main.o /nfs/home/xuzhi/softmax/csrc/main.cpp
ccache clang++  -I.  -MMD -I/usr/local/share/verilator/include -I/usr/local/share/verilator/include/vltstd -DVM_COVERAGE=0 -DVM_SC=0 -DVM_TRACE=1 -DVM_TRACE_FST=0 -DVM_TRACE_VCD=1 -faligned-new -fbracket-depth=4096 -fcf-protection=none -Qunused-arguments -Wno-bool-operation -Wno-c++11-narrowing -Wno-constant-logical-operand -Wno-non-pod-varargs -Wno-parentheses-equality -Wno-shadow -Wno-sign-compare -Wno-tautological-bitwise-compare -Wno-tautological-compare -Wno-uninitialized -Wno-unused-but-set-parameter -Wno-unused-but-set-variable -Wno-unused-parameter -Wno-unused-variable    -I/nfs/home/xuzhi/softmax/csrc/include -I/nfs/home/xuzhi/softmax/csrc/include -DTOP_NAME="Vtop"   -Os -c -o paddr.o /nfs/home/xuzhi/softmax/csrc/memory/paddr.cpp
ccache clang++  -I.  -MMD -I/usr/local/share/verilator/include -I/usr/local/share/verilator/include/vltstd -DVM_COVERAGE=0 -DVM_SC=0 -DVM_TRACE=1 -DVM_TRACE_FST=0 -DVM_TRACE_VCD=1 -faligned-new -fbracket-depth=4096 -fcf-protection=none -Qunused-arguments -Wno-bool-operation -Wno-c++11-narrowing -Wno-constant-logical-operand -Wno-non-pod-varargs -Wno-parentheses-equality -Wno-shadow -Wno-sign-compare -Wno-tautological-bitwise-compare -Wno-tautological-compare -Wno-uninitialized -Wno-unused-but-set-parameter -Wno-unused-but-set-variable -Wno-unused-parameter -Wno-unused-variable    -I/nfs/home/xuzhi/softmax/csrc/include -I/nfs/home/xuzhi/softmax/csrc/include -DTOP_NAME="Vtop"   -Os -c -o vaddr.o /nfs/home/xuzhi/softmax/csrc/memory/vaddr.c
ccache clang++  -I.  -MMD -I/usr/local/share/verilator/include -I/usr/local/share/verilator/include/vltstd -DVM_COVERAGE=0 -DVM_SC=0 -DVM_TRACE=1 -DVM_TRACE_FST=0 -DVM_TRACE_VCD=1 -faligned-new -fbracket-depth=4096 -fcf-protection=none -Qunused-arguments -Wno-bool-operation -Wno-c++11-narrowing -Wno-constant-logical-operand -Wno-non-pod-varargs -Wno-parentheses-equality -Wno-shadow -Wno-sign-compare -Wno-tautological-bitwise-compare -Wno-tautological-compare -Wno-uninitialized -Wno-unused-but-set-parameter -Wno-unused-but-set-variable -Wno-unused-parameter -Wno-unused-variable    -I/nfs/home/xuzhi/softmax/csrc/include -I/nfs/home/xuzhi/softmax/csrc/include -DTOP_NAME="Vtop"   -Os -c -o monitor.o /nfs/home/xuzhi/softmax/csrc/monitor/monitor.c
ccache clang++  -I.  -MMD -I/usr/local/share/verilator/include -I/usr/local/share/verilator/include/vltstd -DVM_COVERAGE=0 -DVM_SC=0 -DVM_TRACE=1 -DVM_TRACE_FST=0 -DVM_TRACE_VCD=1 -faligned-new -fbracket-depth=4096 -fcf-protection=none -Qunused-arguments -Wno-bool-operation -Wno-c++11-narrowing -Wno-constant-logical-operand -Wno-non-pod-varargs -Wno-parentheses-equality -Wno-shadow -Wno-sign-compare -Wno-tautological-bitwise-compare -Wno-tautological-compare -Wno-uninitialized -Wno-unused-but-set-parameter -Wno-unused-but-set-variable -Wno-unused-parameter -Wno-unused-variable    -I/nfs/home/xuzhi/softmax/csrc/include -I/nfs/home/xuzhi/softmax/csrc/include -DTOP_NAME="Vtop"   -Os -c -o expr.o /nfs/home/xuzhi/softmax/csrc/monitor/sdb/expr.c
ccache clang++  -I.  -MMD -I/usr/local/share/verilator/include -I/usr/local/share/verilator/include/vltstd -DVM_COVERAGE=0 -DVM_SC=0 -DVM_TRACE=1 -DVM_TRACE_FST=0 -DVM_TRACE_VCD=1 -faligned-new -fbracket-depth=4096 -fcf-protection=none -Qunused-arguments -Wno-bool-operation -Wno-c++11-narrowing -Wno-constant-logical-operand -Wno-non-pod-varargs -Wno-parentheses-equality -Wno-shadow -Wno-sign-compare -Wno-tautological-bitwise-compare -Wno-tautological-compare -Wno-uninitialized -Wno-unused-but-set-parameter -Wno-unused-but-set-variable -Wno-unused-parameter -Wno-unused-variable    -I/nfs/home/xuzhi/softmax/csrc/include -I/nfs/home/xuzhi/softmax/csrc/include -DTOP_NAME="Vtop"   -Os -c -o sdb.o /nfs/home/xuzhi/softmax/csrc/monitor/sdb/sdb.c
ccache clang++  -I.  -MMD -I/usr/local/share/verilator/include -I/usr/local/share/verilator/include/vltstd -DVM_COVERAGE=0 -DVM_SC=0 -DVM_TRACE=1 -DVM_TRACE_FST=0 -DVM_TRACE_VCD=1 -faligned-new -fbracket-depth=4096 -fcf-protection=none -Qunused-arguments -Wno-bool-operation -Wno-c++11-narrowing -Wno-constant-logical-operand -Wno-non-pod-varargs -Wno-parentheses-equality -Wno-shadow -Wno-sign-compare -Wno-tautological-bitwise-compare -Wno-tautological-compare -Wno-uninitialized -Wno-unused-but-set-parameter -Wno-unused-but-set-variable -Wno-unused-parameter -Wno-unused-variable    -I/nfs/home/xuzhi/softmax/csrc/include -I/nfs/home/xuzhi/softmax/csrc/include -DTOP_NAME="Vtop"   -Os -c -o watchpoint.o /nfs/home/xuzhi/softmax/csrc/monitor/sdb/watchpoint.c
ccache clang++  -I.  -MMD -I/usr/local/share/verilator/include -I/usr/local/share/verilator/include/vltstd -DVM_COVERAGE=0 -DVM_SC=0 -DVM_TRACE=1 -DVM_TRACE_FST=0 -DVM_TRACE_VCD=1 -faligned-new -fbracket-depth=4096 -fcf-protection=none -Qunused-arguments -Wno-bool-operation -Wno-c++11-narrowing -Wno-constant-logical-operand -Wno-non-pod-varargs -Wno-parentheses-equality -Wno-shadow -Wno-sign-compare -Wno-tautological-bitwise-compare -Wno-tautological-compare -Wno-uninitialized -Wno-unused-but-set-parameter -Wno-unused-but-set-variable -Wno-unused-parameter -Wno-unused-variable    -I/nfs/home/xuzhi/softmax/csrc/include -I/nfs/home/xuzhi/softmax/csrc/include -DTOP_NAME="Vtop"   -Os -c -o difftest.o /nfs/home/xuzhi/softmax/csrc/utils/difftest.c
ccache clang++  -I.  -MMD -I/usr/local/share/verilator/include -I/usr/local/share/verilator/include/vltstd -DVM_COVERAGE=0 -DVM_SC=0 -DVM_TRACE=1 -DVM_TRACE_FST=0 -DVM_TRACE_VCD=1 -faligned-new -fbracket-depth=4096 -fcf-protection=none -Qunused-arguments -Wno-bool-operation -Wno-c++11-narrowing -Wno-constant-logical-operand -Wno-non-pod-varargs -Wno-parentheses-equality -Wno-shadow -Wno-sign-compare -Wno-tautological-bitwise-compare -Wno-tautological-compare -Wno-uninitialized -Wno-unused-but-set-parameter -Wno-unused-but-set-variable -Wno-unused-parameter -Wno-unused-variable    -I/nfs/home/xuzhi/softmax/csrc/include -I/nfs/home/xuzhi/softmax/csrc/include -DTOP_NAME="Vtop"   -Os -c -o dpi.o /nfs/home/xuzhi/softmax/csrc/utils/dpi.cpp
ccache clang++  -I.  -MMD -I/usr/local/share/verilator/include -I/usr/local/share/verilator/include/vltstd -DVM_COVERAGE=0 -DVM_SC=0 -DVM_TRACE=1 -DVM_TRACE_FST=0 -DVM_TRACE_VCD=1 -faligned-new -fbracket-depth=4096 -fcf-protection=none -Qunused-arguments -Wno-bool-operation -Wno-c++11-narrowing -Wno-constant-logical-operand -Wno-non-pod-varargs -Wno-parentheses-equality -Wno-shadow -Wno-sign-compare -Wno-tautological-bitwise-compare -Wno-tautological-compare -Wno-uninitialized -Wno-unused-but-set-parameter -Wno-unused-but-set-variable -Wno-unused-parameter -Wno-unused-variable    -I/nfs/home/xuzhi/softmax/csrc/include -I/nfs/home/xuzhi/softmax/csrc/include -DTOP_NAME="Vtop"   -Os -c -o log.o /nfs/home/xuzhi/softmax/csrc/utils/log.c
ccache clang++  -I.  -MMD -I/usr/local/share/verilator/include -I/usr/local/share/verilator/include/vltstd -DVM_COVERAGE=0 -DVM_SC=0 -DVM_TRACE=1 -DVM_TRACE_FST=0 -DVM_TRACE_VCD=1 -faligned-new -fbracket-depth=4096 -fcf-protection=none -Qunused-arguments -Wno-bool-operation -Wno-c++11-narrowing -Wno-constant-logical-operand -Wno-non-pod-varargs -Wno-parentheses-equality -Wno-shadow -Wno-sign-compare -Wno-tautological-bitwise-compare -Wno-tautological-compare -Wno-uninitialized -Wno-unused-but-set-parameter -Wno-unused-but-set-variable -Wno-unused-parameter -Wno-unused-variable    -I/nfs/home/xuzhi/softmax/csrc/include -I/nfs/home/xuzhi/softmax/csrc/include -DTOP_NAME="Vtop"   -Os -c -o state.o /nfs/home/xuzhi/softmax/csrc/utils/state.c
clang: warning: treating 'c' input as 'c++' when in C++ mode, this behavior is deprecated [-Wdeprecated]
ccache clang++  -I.  -MMD -I/usr/local/share/verilator/include -I/usr/local/share/verilator/include/vltstd -DVM_COVERAGE=0 -DVM_SC=0 -DVM_TRACE=1 -DVM_TRACE_FST=0 -DVM_TRACE_VCD=1 -faligned-new -fbracket-depth=4096 -fcf-protection=none -Qunused-arguments -Wno-bool-operation -Wno-c++11-narrowing -Wno-constant-logical-operand -Wno-non-pod-varargs -Wno-parentheses-equality -Wno-shadow -Wno-sign-compare -Wno-tautological-bitwise-compare -Wno-tautological-compare -Wno-uninitialized -Wno-unused-but-set-parameter -Wno-unused-but-set-variable -Wno-unused-parameter -Wno-unused-variable    -I/nfs/home/xuzhi/softmax/csrc/include -I/nfs/home/xuzhi/softmax/csrc/include -DTOP_NAME="Vtop"   -Os -c -o timer.o /nfs/home/xuzhi/softmax/csrc/utils/timer.c
ccache clang++  -I.  -MMD -I/usr/local/share/verilator/include -I/usr/local/share/verilator/include/vltstd -DVM_COVERAGE=0 -DVM_SC=0 -DVM_TRACE=1 -DVM_TRACE_FST=0 -DVM_TRACE_VCD=1 -faligned-new -fbracket-depth=4096 -fcf-protection=none -Qunused-arguments -Wno-bool-operation -Wno-c++11-narrowing -Wno-constant-logical-operand -Wno-non-pod-varargs -Wno-parentheses-equality -Wno-shadow -Wno-sign-compare -Wno-tautological-bitwise-compare -Wno-tautological-compare -Wno-uninitialized -Wno-unused-but-set-parameter -Wno-unused-but-set-variable -Wno-unused-parameter -Wno-unused-variable    -I/nfs/home/xuzhi/softmax/csrc/include -I/nfs/home/xuzhi/softmax/csrc/include -DTOP_NAME="Vtop"   -Os -c -o trace.o /nfs/home/xuzhi/softmax/csrc/utils/trace.c
clang: warning: treating 'c' input as 'c++' when in C++ mode, this behavior is deprecated [-Wdeprecated]
clang: warning: treating 'c' input as 'c++' when in C++ mode, this behavior is deprecated [-Wdeprecated]
clang: warning: treating 'c' input as 'c++' when in C++ mode, this behavior is deprecated [-Wdeprecated]
ccache clang++ -Os  -I.  -MMD -I/usr/local/share/verilator/include -I/usr/local/share/verilator/include/vltstd -DVM_COVERAGE=0 -DVM_SC=0 -DVM_TRACE=1 -DVM_TRACE_FST=0 -DVM_TRACE_VCD=1 -faligned-new -fbracket-depth=4096 -fcf-protection=none -Qunused-arguments -Wno-bool-operation -Wno-c++11-narrowing -Wno-constant-logical-operand -Wno-non-pod-varargs -Wno-parentheses-equality -Wno-shadow -Wno-sign-compare -Wno-tautological-bitwise-compare -Wno-tautological-compare -Wno-uninitialized -Wno-unused-but-set-parameter -Wno-unused-but-set-variable -Wno-unused-parameter -Wno-unused-variable    -I/nfs/home/xuzhi/softmax/csrc/include -I/nfs/home/xuzhi/softmax/csrc/include -DTOP_NAME="Vtop"   -c -o verilated.o /usr/local/share/verilator/include/verilated.cpp
clang: warning: treating 'c' input as 'c++' when in C++ mode, this behavior is deprecated [-Wdeprecated]
clang: warning: treating 'c' input as 'c++' when in C++ mode, this behavior is deprecated [-Wdeprecated]
clang: warning: treating 'c' input as 'c++' when in C++ mode, this behavior is deprecated [-Wdeprecated]
clang: warning: treating 'c' input as 'c++' when in C++ mode, this behavior is deprecated [-Wdeprecated]
clang: warning: treating 'c' input as 'c++' when in C++ mode, this behavior is deprecated [-Wdeprecated]
clang: warning: treating 'c' input as 'c++' when in C++ mode, this behavior is deprecated [-Wdeprecated]
clang: warning: treating 'c' input as 'c++' when in C++ mode, this behavior is deprecated [-Wdeprecated]
clang: warning: treating 'c' input as 'c++' when in C++ mode, this behavior is deprecated [-Wdeprecated]
ccache clang++ -Os  -I.  -MMD -I/usr/local/share/verilator/include -I/usr/local/share/verilator/include/vltstd -DVM_COVERAGE=0 -DVM_SC=0 -DVM_TRACE=1 -DVM_TRACE_FST=0 -DVM_TRACE_VCD=1 -faligned-new -fbracket-depth=4096 -fcf-protection=none -Qunused-arguments -Wno-bool-operation -Wno-c++11-narrowing -Wno-constant-logical-operand -Wno-non-pod-varargs -Wno-parentheses-equality -Wno-shadow -Wno-sign-compare -Wno-tautological-bitwise-compare -Wno-tautological-compare -Wno-uninitialized -Wno-unused-but-set-parameter -Wno-unused-but-set-variable -Wno-unused-parameter -Wno-unused-variable    -I/nfs/home/xuzhi/softmax/csrc/include -I/nfs/home/xuzhi/softmax/csrc/include -DTOP_NAME="Vtop"   -c -o verilated_dpi.o /usr/local/share/verilator/include/verilated_dpi.cpp
clang: warning: treating 'c' input as 'c++' when in C++ mode, this behavior is deprecated [-Wdeprecated]
ccache clang++ -Os  -I.  -MMD -I/usr/local/share/verilator/include -I/usr/local/share/verilator/include/vltstd -DVM_COVERAGE=0 -DVM_SC=0 -DVM_TRACE=1 -DVM_TRACE_FST=0 -DVM_TRACE_VCD=1 -faligned-new -fbracket-depth=4096 -fcf-protection=none -Qunused-arguments -Wno-bool-operation -Wno-c++11-narrowing -Wno-constant-logical-operand -Wno-non-pod-varargs -Wno-parentheses-equality -Wno-shadow -Wno-sign-compare -Wno-tautological-bitwise-compare -Wno-tautological-compare -Wno-uninitialized -Wno-unused-but-set-parameter -Wno-unused-but-set-variable -Wno-unused-parameter -Wno-unused-variable    -I/nfs/home/xuzhi/softmax/csrc/include -I/nfs/home/xuzhi/softmax/csrc/include -DTOP_NAME="Vtop"   -c -o verilated_vcd_c.o /usr/local/share/verilator/include/verilated_vcd_c.cpp
ccache clang++ -Os  -I.  -MMD -I/usr/local/share/verilator/include -I/usr/local/share/verilator/include/vltstd -DVM_COVERAGE=0 -DVM_SC=0 -DVM_TRACE=1 -DVM_TRACE_FST=0 -DVM_TRACE_VCD=1 -faligned-new -fbracket-depth=4096 -fcf-protection=none -Qunused-arguments -Wno-bool-operation -Wno-c++11-narrowing -Wno-constant-logical-operand -Wno-non-pod-varargs -Wno-parentheses-equality -Wno-shadow -Wno-sign-compare -Wno-tautological-bitwise-compare -Wno-tautological-compare -Wno-uninitialized -Wno-unused-but-set-parameter -Wno-unused-but-set-variable -Wno-unused-parameter -Wno-unused-variable    -I/nfs/home/xuzhi/softmax/csrc/include -I/nfs/home/xuzhi/softmax/csrc/include -DTOP_NAME="Vtop"   -c -o verilated_threads.o /usr/local/share/verilator/include/verilated_threads.cpp
/usr/bin/python3 /usr/local/share/verilator/bin/verilator_includer -DVL_INCLUDE_OPT=include Vtop.cpp Vtop___024root__DepSet_h84412442__0.cpp Vtop___024root__DepSet_heccd7ead__0.cpp Vtop__Dpi.cpp Vtop__Trace__0.cpp Vtop__ConstPool_0.cpp Vtop___024root__Slow.cpp Vtop___024root__DepSet_h84412442__0__Slow.cpp Vtop___024root__DepSet_heccd7ead__0__Slow.cpp Vtop__Syms.cpp Vtop__Trace__0__Slow.cpp Vtop__TraceDecls__0__Slow.cpp > Vtop__ALL.cpp
echo "" > Vtop__ALL.verilator_deplist.tmp
ccache clang++ -Os  -I.  -MMD -I/usr/local/share/verilator/include -I/usr/local/share/verilator/include/vltstd -DVM_COVERAGE=0 -DVM_SC=0 -DVM_TRACE=1 -DVM_TRACE_FST=0 -DVM_TRACE_VCD=1 -faligned-new -fbracket-depth=4096 -fcf-protection=none -Qunused-arguments -Wno-bool-operation -Wno-c++11-narrowing -Wno-constant-logical-operand -Wno-non-pod-varargs -Wno-parentheses-equality -Wno-shadow -Wno-sign-compare -Wno-tautological-bitwise-compare -Wno-tautological-compare -Wno-uninitialized -Wno-unused-but-set-parameter -Wno-unused-but-set-variable -Wno-unused-parameter -Wno-unused-variable    -I/nfs/home/xuzhi/softmax/csrc/include -I/nfs/home/xuzhi/softmax/csrc/include -DTOP_NAME="Vtop"   -c -o Vtop__ALL.o Vtop__ALL.cpp
Archive ar -rcs Vtop__ALL.a Vtop__ALL.o
clang++    cpu-exec.o init.o reg.o main.o paddr.o vaddr.o monitor.o expr.o sdb.o watchpoint.o difftest.o dpi.o log.o state.o timer.o trace.o verilated.o verilated_dpi.o verilated_vcd_c.o verilated_threads.o Vtop__ALL.a   -lLLVM-14 -lreadline -lSDL2 -lSDL2_image  -pthread -lpthread -latomic   -o build/Vtop
/usr/bin/ld: cannot open output file build/Vtop: No such file or directory
clang: error: linker command failed with exit code 1 (use -v to see invocation)
make[1]: *** [Vtop.mk:122: build/Vtop] Error 1
rm Vtop__ALL.verilator_deplist.tmp
make[1]: Leaving directory '/nfs/home/xuzhi/softmax/build/obj_dir'
%Error: make -C ./build/obj_dir -f Vtop.mk -j 33 exited with 2
%Error: Command Failed ulimit -s unlimited 2>/dev/null; exec /usr/local/share/verilator/bin/verilator_bin -CFLAGS -I/nfs/home/xuzhi/softmax/csrc/include --top-module top -Wno-style -Wno-DECLFILENAME --timescale 1ns/1ns --no-timing -cc --exe --build --trace -MMD -O3 --x-assign fast --x-initial fast -j 33 ./build/top.v ./build/sram.v /nfs/home/xuzhi/softmax/csrc/monitor/monitor.c /nfs/home/xuzhi/softmax/csrc/monitor/sdb/expr.c /nfs/home/xuzhi/softmax/csrc/monitor/sdb/sdb.c /nfs/home/xuzhi/softmax/csrc/monitor/sdb/watchpoint.c /nfs/home/xuzhi/softmax/csrc/main.cpp /nfs/home/xuzhi/softmax/csrc/utils/trace.c /nfs/home/xuzhi/softmax/csrc/utils/dpi.cpp /nfs/home/xuzhi/softmax/csrc/utils/state.c /nfs/home/xuzhi/softmax/csrc/utils/timer.c /nfs/home/xuzhi/softmax/csrc/utils/log.c /nfs/home/xuzhi/softmax/csrc/utils/difftest.c /nfs/home/xuzhi/softmax/csrc/isa/reg.c /nfs/home/xuzhi/softmax/csrc/isa/init.c /nfs/home/xuzhi/softmax/csrc/isa/cpu-exec.c /nfs/home/xuzhi/softmax/csrc/memory/vaddr.c /nfs/home/xuzhi/softmax/csrc/memory/paddr.cpp -CFLAGS -I/nfs/home/xuzhi/softmax/csrc/include -CFLAGS -DTOP_NAME=\"Vtop\" --Mdir ./build/obj_dir --exe -o ./build/Vtop -LDFLAGS -lLLVM-14 -LDFLAGS -lreadline -LDFLAGS -lSDL2 -LDFLAGS -lSDL2_image
make: *** [Makefile:54: compile] Error 2
